[cell d10_d2h64_s0] SR 0.38->0.34 above cand/pos 71/11 raw-above 0.00 (3.2min)
[cell d10_d3h64_s0] SR 0.30->0.44 above cand/pos 38/2 raw-above 0.00 (3.5min)
[cell d20_d2h64_s0] SR 0.52->0.44 above cand/pos 3/0 raw-above 0.00 (3.9min)
[cell d20_d3h64_s0] SR 0.55->0.58 above cand/pos 14/2 raw-above 0.00 (4.2min)
[cell d40_d2h64_s0] SR 0.58->0.75 above cand/pos 3/0 raw-above 0.00 (5.2min)
[cell d40_d3h64_s0] SR 0.50->0.77 above cand/pos 0/0 raw-above 0.00 (5.8min)
[winner] d10_d2h64_s0
[cell d10_d2h64_s1] SR 0.39->0.39 above cand/pos 19/1 raw-above 0.00 (3.1min)
[cell d10_d2h64_s2] SR 0.16->0.34 above cand/pos 5/0 raw-above 0.00 (3.2min)
[
  {
    "seed": 0,
    "above_positives": 11,
    "discovered_in_acquisition": true,
    "above_raw_share_final": 0.0,
    "discovered_in_raw": false
  },
  {
    "seed": 1,
    "above_positives": 1,
    "discovered_in_acquisition": false,
    "above_raw_share_final": 0.0,
    "discovered_in_raw": false
  },
  {
    "seed": 2,
    "above_positives": 0,
    "discovered_in_acquisition": false,
    "above_raw_share_final": 0.0,
    "discovered_in_raw": false
  }
]
[reliability] acquisition 0.33 raw 0.00
